// Jest Snapshot v1, https://goo.gl/fbAQLP

exports[`Provider and App renders <Provider/> correctly 1`] = `
<ContextProvider
  value={
    Object {
      "store": Object {
        "clearActions": [Function],
        "dispatch": [Function],
        "getActions": [Function],
        "getState": [Function],
        "replaceReducer": [Function],
        "subscribe": [Function],
      },
      "storeState": Object {},
    }
  }
>
  <App />
</ContextProvider>
`;

exports[`Provider and App renders <Provider/> correctly 2`] = `
<Router
  history={
    Object {
      "action": "POP",
      "block": [Function],
      "createHref": [Function],
      "go": [Function],
      "goBack": [Function],
      "goForward": [Function],
      "length": 1,
      "listen": [Function],
      "location": Object {
        "hash": "",
        "pathname": "/",
        "search": "",
        "state": undefined,
      },
      "push": [Function],
      "replace": [Function],
    }
  }
>
  <Connect(Header) />
  <t
    lightBackground={true}
    position="top_right"
    store={
      t {
        "_data": Object {
          "classNames": "",
          "message": "",
          "status": "",
          "timer": 0,
        },
        "_nextHandlerId": 0,
        "_watchers": Array [],
      }
    }
  />
  <Switch>
    <Route
      component={[Function]}
      exact={true}
      path="/"
    />
    <Route
      component={[Function]}
      exact={true}
      path="/login"
    />
    <Route
      component={[Function]}
      exact={true}
      path="/signup"
    />
    <ProtectedRoute
      component={[Function]}
      exact={true}
      path="/dashboard"
    />
    <Route
      component={[Function]}
    />
  </Switch>
  <Footer />
</Router>
`;
